// Vitest Snapshot v1, https://vitest.dev/guide/snapshot.html

exports[`CoverArt renders correctly 1`] = `
<div>
  <div
    class="flex justify-center md:justify-start"
  >
    <img
      alt="Cover Art"
      class="aspect-square w-full rounded-md object-cover sm:w-72 md:w-80 lg:w-96 xl:w-[50rem]"
      src="/placeholder.svg"
    />
  </div>
</div>
`;
