// Vitest Snapshot v1, https://vitest.dev/guide/snapshot.html

exports[`VolumeControls renders correctly 1`] = `
<div>
  <div
    class="flex w-full items-center gap-2"
  >
    <button
      aria-label="Volume"
      class="rounded p-2 transition text-gray-800 hover:bg-gray-200"
    >
      <svg
        class="h-5 w-5"
        fill="none"
        stroke="currentColor"
        viewBox="0 0 24 24"
        xmlns="http://www.w3.org/2000/svg"
      >
        <path
          d="M11 4.702a.705.705 0 0 0-1.203-.498L6.413 7.587A1.4 1.4 0 0 1 5.416 8H3a1 1 0 0 0-1 1v6a1 1 0 0 0 1 1h2.416a1.4 1.4 0 0 1 .997.413l3.383 3.384A.705.705 0 0 0 11 19.298z"
        />
        <path
          d="M16 9a5 5 0 0 1 0 6"
        />
        <path
          d="M19.364 18.364a9 9 0 0 0 0-12.728"
        />
      </svg>
    </button>
    <input
      aria-label="Volume slider"
      class="h-1 w-full cursor-pointer accent-indigo-800"
      max="100"
      min="0"
      type="range"
      value="50"
    />
  </div>
</div>
`;
